// Jest Snapshot v1, https://goo.gl/fbAQLP

exports[`Get metadata 1`] = `
{
  "columns": [
    {
      "dataType": "string",
      "itemOID": "IT.Name",
      "label": "Name",
      "length": 8,
      "name": "Name",
    },
    {
      "dataType": "string",
      "itemOID": "IT.Sex",
      "label": "Sex",
      "length": 1,
      "name": "Sex",
    },
    {
      "dataType": "double",
      "displayFormat": "F4",
      "itemOID": "IT.Age",
      "label": "Age",
      "length": 8,
      "name": "Age",
    },
    {
      "dataType": "double",
      "displayFormat": "F8",
      "itemOID": "IT.Height",
      "label": "Height",
      "length": 8,
      "name": "Height",
    },
    {
      "dataType": "double",
      "itemOID": "IT.Weight",
      "label": "Weight",
      "length": 8,
      "name": "Weight",
    },
  ],
  "datasetJSONCreationDateTime": "2019-09-09T13:43:00.000Z",
  "datasetJSONVersion": "",
  "dbLastModifiedDateTime": "2019-09-12T11:15:54.000Z",
  "label": "CLASS",
  "name": "sample",
  "records": 19,
}
`;
